C:\Program Files\dotnet\sdk\11.0.100-preview.6.26359.118\Sdks\Microsoft.NET.Sdk\targets\Microsoft.NET.RuntimeIdentifierInference.targets(385,5): message NETSDK1057: Bir .NET önizleme sürümü kullanıyorsunuz. Bkz. https://aka.ms/dotnet-support-policy [C:\GitRepo\h-kerimsahin\NetCoreTemplate\Presentation\NetCoreTemplate.Api\NetCoreTemplate.Api.csproj]
C:\GitRepo\h-kerimsahin\NetCoreTemplate\Presentation\NetCoreTemplate.Api\NetCoreTemplate.Api.csproj : warning NU1603: NetCoreTemplate.Infrastructure, Azure.Storage.Blobs (>= 12.22.4) öğesine bağlı ancak Azure.Storage.Blobs 12.22.4 bulunamadı. Bunun yerine Azure.Storage.Blobs 12.23.0 çözümlendi.
C:\GitRepo\h-kerimsahin\NetCoreTemplate\Presentation\NetCoreTemplate.Api\NetCoreTemplate.Api.csproj : warning NU1603: NetCoreTemplate.Api, OpenTelemetry.Exporter.Prometheus.AspNetCore (>= 1.9.0-beta.6) öğesine bağlı ancak OpenTelemetry.Exporter.Prometheus.AspNetCore 1.9.0-beta.6 bulunamadı. Bunun yerine OpenTelemetry.Exporter.Prometheus.AspNetCore 1.10.0-beta.1 çözümlendi.
C:\GitRepo\h-kerimsahin\NetCoreTemplate\Presentation\NetCoreTemplate.Api\NetCoreTemplate.Api.csproj : warning NU1603: NetCoreTemplate.Infrastructure, Polly.Extensions (>= 3.0.0) öğesine bağlı ancak Polly.Extensions 3.0.0 bulunamadı. Bunun yerine Polly.Extensions 8.0.0 çözümlendi.
C:\GitRepo\h-kerimsahin\NetCoreTemplate\Presentation\NetCoreTemplate.Api\NetCoreTemplate.Api.csproj : warning NU1903: 'Newtonsoft.Json' 11.0.1 paketinde önem derecesi yüksek olan bilinen bir https://github.com/advisories/GHSA-5crp-9r3c-p9vr güvenlik açığı var
C:\GitRepo\h-kerimsahin\NetCoreTemplate\Presentation\NetCoreTemplate.Api\NetCoreTemplate.Api.csproj : warning NU1902: 'OpenTelemetry.Api' 1.10.0 paketinde önem derecesi orta olan bilinen bir https://github.com/advisories/GHSA-8785-wc3w-h8q6 güvenlik açığı var
C:\GitRepo\h-kerimsahin\NetCoreTemplate\Presentation\NetCoreTemplate.Api\NetCoreTemplate.Api.csproj : warning NU1902: 'OpenTelemetry.Api' 1.10.0 paketinde önem derecesi orta olan bilinen bir https://github.com/advisories/GHSA-g94r-2vxg-569j güvenlik açığı var
C:\GitRepo\h-kerimsahin\NetCoreTemplate\Presentation\NetCoreTemplate.Api\NetCoreTemplate.Api.csproj : warning NU1902: 'OpenTelemetry.Exporter.OpenTelemetryProtocol' 1.9.0 paketinde önem derecesi orta olan bilinen bir https://github.com/advisories/GHSA-4625-4j76-fww9 güvenlik açığı var
C:\Program Files\dotnet\sdk\11.0.100-preview.6.26359.118\Sdks\Microsoft.NET.Sdk\targets\Microsoft.NET.RuntimeIdentifierInference.targets(385,5): message NETSDK1057: Bir .NET önizleme sürümü kullanıyorsunuz. Bkz. https://aka.ms/dotnet-support-policy [C:\GitRepo\h-kerimsahin\NetCoreTemplate\Core\NetCoreTemplate.Domain\NetCoreTemplate.Domain.csproj]
C:\Program Files\dotnet\sdk\11.0.100-preview.6.26359.118\Sdks\Microsoft.NET.Sdk\targets\Microsoft.NET.RuntimeIdentifierInference.targets(385,5): message NETSDK1057: Bir .NET önizleme sürümü kullanıyorsunuz. Bkz. https://aka.ms/dotnet-support-policy [C:\GitRepo\h-kerimsahin\NetCoreTemplate\Core\NetCoreTemplate.Application\NetCoreTemplate.Application.csproj]
C:\GitRepo\h-kerimsahin\NetCoreTemplate\Core\NetCoreTemplate.Infrastructure\NetCoreTemplate.Infrastructure.csproj : warning NU1603: NetCoreTemplate.Infrastructure depends on Azure.Storage.Blobs (>= 12.22.4) but Azure.Storage.Blobs 12.22.4 was not found. Azure.Storage.Blobs 12.23.0 was resolved instead.
C:\GitRepo\h-kerimsahin\NetCoreTemplate\Core\NetCoreTemplate.Infrastructure\NetCoreTemplate.Infrastructure.csproj : warning NU1603: NetCoreTemplate.Infrastructure depends on Polly.Extensions (>= 3.0.0) but Polly.Extensions 3.0.0 was not found. Polly.Extensions 8.0.0 was resolved instead.
C:\GitRepo\h-kerimsahin\NetCoreTemplate\Core\NetCoreTemplate.Infrastructure\NetCoreTemplate.Infrastructure.csproj : warning NU1903: Package 'Newtonsoft.Json' 11.0.2 has a known high severity vulnerability, https://github.com/advisories/GHSA-5crp-9r3c-p9vr
C:\GitRepo\h-kerimsahin\NetCoreTemplate\Core\NetCoreTemplate.Infrastructure\NetCoreTemplate.Infrastructure.csproj : warning NU1902: Package 'OpenTelemetry.Api' 1.10.0 has a known moderate severity vulnerability, https://github.com/advisories/GHSA-8785-wc3w-h8q6
C:\GitRepo\h-kerimsahin\NetCoreTemplate\Core\NetCoreTemplate.Infrastructure\NetCoreTemplate.Infrastructure.csproj : warning NU1902: Package 'OpenTelemetry.Api' 1.10.0 has a known moderate severity vulnerability, https://github.com/advisories/GHSA-g94r-2vxg-569j
C:\GitRepo\h-kerimsahin\NetCoreTemplate\Core\NetCoreTemplate.Infrastructure\NetCoreTemplate.Infrastructure.csproj : warning NU1902: Package 'OpenTelemetry.Exporter.OpenTelemetryProtocol' 1.9.0 has a known moderate severity vulnerability, https://github.com/advisories/GHSA-4625-4j76-fww9
C:\GitRepo\h-kerimsahin\NetCoreTemplate\Core\NetCoreTemplate.Application\NetCoreTemplate.Application.csproj : warning NU1903: Package 'Newtonsoft.Json' 11.0.1 has a known high severity vulnerability, https://github.com/advisories/GHSA-5crp-9r3c-p9vr
  NetCoreTemplate.Domain -> C:\GitRepo\h-kerimsahin\NetCoreTemplate\Core\NetCoreTemplate.Domain\bin\Debug\net11.0\NetCoreTemplate.Domain.dll
  NetCoreTemplate.Application -> C:\GitRepo\h-kerimsahin\NetCoreTemplate\Core\NetCoreTemplate.Application\bin\Debug\net11.0\NetCoreTemplate.Application.dll
  NetCoreTemplate.Infrastructure -> C:\GitRepo\h-kerimsahin\NetCoreTemplate\Core\NetCoreTemplate.Infrastructure\bin\Debug\net11.0\NetCoreTemplate.Infrastructure.dll
C:\GitRepo\h-kerimsahin\NetCoreTemplate\Presentation\NetCoreTemplate.Api\ApiVersioning\VersioningConfiguration.cs(16,12): error CS1501: 'AddApiExplorer' yöntemi için hiçbir tekrar yükleme 1 bağımsız değişken almaz [C:\GitRepo\h-kerimsahin\NetCoreTemplate\Presentation\NetCoreTemplate.Api\NetCoreTemplate.Api.csproj]
C:\GitRepo\h-kerimsahin\NetCoreTemplate\Presentation\NetCoreTemplate.Api\ApiVersioning\VersioningConfiguration.cs(32,21): error CS1061: 'ODataOptions' bir 'EnableNoDollarSign' tanımı içermiyor ve 'ODataOptions' türünde bir ilk bağımsız değişken kabul eden hiçbir erişilebilir 'EnableNoDollarSign' genişletme yöntemi bulunamadı (bir kullanma yönergeniz veya derleme başvurunuz eksik olabilir mi?) [C:\GitRepo\h-kerimsahin\NetCoreTemplate\Presentation\NetCoreTemplate.Api\NetCoreTemplate.Api.csproj]
C:\GitRepo\h-kerimsahin\NetCoreTemplate\Presentation\NetCoreTemplate.Api\OpenTelemetry\OTelConfiguration.cs(19,19): error CS1061: 'TracerProviderBuilder' bir 'AddAspNetCore' tanımı içermiyor ve 'TracerProviderBuilder' türünde bir ilk bağımsız değişken kabul eden hiçbir erişilebilir 'AddAspNetCore' genişletme yöntemi bulunamadı (bir kullanma yönergeniz veya derleme başvurunuz eksik olabilir mi?) [C:\GitRepo\h-kerimsahin\NetCoreTemplate\Presentation\NetCoreTemplate.Api\NetCoreTemplate.Api.csproj]
C:\GitRepo\h-kerimsahin\NetCoreTemplate\Presentation\NetCoreTemplate.Api\OpenTelemetry\OTelConfiguration.cs(20,19): error CS1061: 'TracerProviderBuilder' bir 'AddEntityFrameworkCore' tanımı içermiyor ve 'TracerProviderBuilder' türünde bir ilk bağımsız değişken kabul eden hiçbir erişilebilir 'AddEntityFrameworkCore' genişletme yöntemi bulunamadı (bir kullanma yönergeniz veya derleme başvurunuz eksik olabilir mi?) [C:\GitRepo\h-kerimsahin\NetCoreTemplate\Presentation\NetCoreTemplate.Api\NetCoreTemplate.Api.csproj]
C:\GitRepo\h-kerimsahin\NetCoreTemplate\Presentation\NetCoreTemplate.Api\OpenTelemetry\OTelConfiguration.cs(21,17): error CS1929: 'TracerProviderBuilder' bir 'AddHttpClient' tanımı içermiyor ve en iyi genişletme yöntemi yeniden yüklemesi olan 'HttpClientFactoryServiceCollectionExtensions.AddHttpClient(IServiceCollection)', 'Microsoft.Extensions.DependencyInjection.IServiceCollection' türünün bir alıcısını gerektiriyor [C:\GitRepo\h-kerimsahin\NetCoreTemplate\Presentation\NetCoreTemplate.Api\NetCoreTemplate.Api.csproj]
C:\GitRepo\h-kerimsahin\NetCoreTemplate\Presentation\NetCoreTemplate.Api\OpenTelemetry\OTelConfiguration.cs(36,19): error CS1061: 'MeterProviderBuilder' bir 'AddAspNetCore' tanımı içermiyor ve 'MeterProviderBuilder' türünde bir ilk bağımsız değişken kabul eden hiçbir erişilebilir 'AddAspNetCore' genişletme yöntemi bulunamadı (bir kullanma yönergeniz veya derleme başvurunuz eksik olabilir mi?) [C:\GitRepo\h-kerimsahin\NetCoreTemplate\Presentation\NetCoreTemplate.Api\NetCoreTemplate.Api.csproj]
C:\GitRepo\h-kerimsahin\NetCoreTemplate\Presentation\NetCoreTemplate.Api\OpenTelemetry\OTelConfiguration.cs(37,17): error CS1929: 'MeterProviderBuilder' bir 'AddHttpClient' tanımı içermiyor ve en iyi genişletme yöntemi yeniden yüklemesi olan 'HttpClientFactoryServiceCollectionExtensions.AddHttpClient(IServiceCollection)', 'Microsoft.Extensions.DependencyInjection.IServiceCollection' türünün bir alıcısını gerektiriyor [C:\GitRepo\h-kerimsahin\NetCoreTemplate\Presentation\NetCoreTemplate.Api\NetCoreTemplate.Api.csproj]
C:\GitRepo\h-kerimsahin\NetCoreTemplate\Presentation\NetCoreTemplate.Api\OpenTelemetry\OTelConfiguration.cs(38,19): error CS1061: 'MeterProviderBuilder' bir 'AddEventCounters' tanımı içermiyor ve 'MeterProviderBuilder' türünde bir ilk bağımsız değişken kabul eden hiçbir erişilebilir 'AddEventCounters' genişletme yöntemi bulunamadı (bir kullanma yönergeniz veya derleme başvurunuz eksik olabilir mi?) [C:\GitRepo\h-kerimsahin\NetCoreTemplate\Presentation\NetCoreTemplate.Api\NetCoreTemplate.Api.csproj]
C:\GitRepo\h-kerimsahin\NetCoreTemplate\Presentation\NetCoreTemplate.Api\Endpoints\AuditEntriesEndpoints.cs(31,48): error CS1061: 'RouteHandlerBuilder' bir 'EnableQuery' tanımı içermiyor ve 'RouteHandlerBuilder' türünde bir ilk bağımsız değişken kabul eden hiçbir erişilebilir 'EnableQuery' genişletme yöntemi bulunamadı (bir kullanma yönergeniz veya derleme başvurunuz eksik olabilir mi?) [C:\GitRepo\h-kerimsahin\NetCoreTemplate\Presentation\NetCoreTemplate.Api\NetCoreTemplate.Api.csproj]
C:\GitRepo\h-kerimsahin\NetCoreTemplate\Presentation\NetCoreTemplate.Api\Endpoints\AuditEntriesEndpoints.cs(40,46): error CS1061: 'RouteHandlerBuilder' bir 'EnableQuery' tanımı içermiyor ve 'RouteHandlerBuilder' türünde bir ilk bağımsız değişken kabul eden hiçbir erişilebilir 'EnableQuery' genişletme yöntemi bulunamadı (bir kullanma yönergeniz veya derleme başvurunuz eksik olabilir mi?) [C:\GitRepo\h-kerimsahin\NetCoreTemplate\Presentation\NetCoreTemplate.Api\NetCoreTemplate.Api.csproj]
C:\GitRepo\h-kerimsahin\NetCoreTemplate\Presentation\NetCoreTemplate.Api\DependencyInjection.cs(263,13): warning CS0618: 'RecurringJob.AddOrUpdate<T>(string, Expression<Func<T, Task>>, string, TimeZoneInfo, string)' artık kullanılmıyor: 'Please use AddOrUpdate<T>(string, Expression<Func<T, Task>>, string, RecurringJobOptions) instead. Will be removed in 2.0.0.' [C:\GitRepo\h-kerimsahin\NetCoreTemplate\Presentation\NetCoreTemplate.Api\NetCoreTemplate.Api.csproj]
C:\GitRepo\h-kerimsahin\NetCoreTemplate\Presentation\NetCoreTemplate.Api\Health\HangfireHealthCheck.cs(14,48): error CS0023: '?' işleci 'long' türündeki işlenene uygulanamaz [C:\GitRepo\h-kerimsahin\NetCoreTemplate\Presentation\NetCoreTemplate.Api\NetCoreTemplate.Api.csproj]
C:\GitRepo\h-kerimsahin\NetCoreTemplate\Presentation\NetCoreTemplate.Api\Endpoints\FileStorageEndpoints.cs(32,47): error CS1061: 'IFileStorageService' bir 'SaveFileAsync' tanımı içermiyor ve 'IFileStorageService' türünde bir ilk bağımsız değişken kabul eden hiçbir erişilebilir 'SaveFileAsync' genişletme yöntemi bulunamadı (bir kullanma yönergeniz veya derleme başvurunuz eksik olabilir mi?) [C:\GitRepo\h-kerimsahin\NetCoreTemplate\Presentation\NetCoreTemplate.Api\NetCoreTemplate.Api.csproj]
C:\GitRepo\h-kerimsahin\NetCoreTemplate\Presentation\NetCoreTemplate.Api\Endpoints\UserProfileEndpoints.cs(41,48): error CS1061: 'RouteHandlerBuilder' bir 'EnableQuery' tanımı içermiyor ve 'RouteHandlerBuilder' türünde bir ilk bağımsız değişken kabul eden hiçbir erişilebilir 'EnableQuery' genişletme yöntemi bulunamadı (bir kullanma yönergeniz veya derleme başvurunuz eksik olabilir mi?) [C:\GitRepo\h-kerimsahin\NetCoreTemplate\Presentation\NetCoreTemplate.Api\NetCoreTemplate.Api.csproj]
C:\GitRepo\h-kerimsahin\NetCoreTemplate\Presentation\NetCoreTemplate.Api\DependencyInjection.cs(102,56): error CS0234: 'Models' tür veya ad alanı adı 'Microsoft.OpenApi' ad alanında yok (bir derleme başvurunuz mu eksik?) [C:\GitRepo\h-kerimsahin\NetCoreTemplate\Presentation\NetCoreTemplate.Api\NetCoreTemplate.Api.csproj]
C:\GitRepo\h-kerimsahin\NetCoreTemplate\Presentation\NetCoreTemplate.Api\DependencyInjection.cs(108,56): error CS0234: 'Models' tür veya ad alanı adı 'Microsoft.OpenApi' ad alanında yok (bir derleme başvurunuz mu eksik?) [C:\GitRepo\h-kerimsahin\NetCoreTemplate\Presentation\NetCoreTemplate.Api\NetCoreTemplate.Api.csproj]
C:\GitRepo\h-kerimsahin\NetCoreTemplate\Presentation\NetCoreTemplate.Api\DependencyInjection.cs(119,62): error CS0234: 'Models' tür veya ad alanı adı 'Microsoft.OpenApi' ad alanında yok (bir derleme başvurunuz mu eksik?) [C:\GitRepo\h-kerimsahin\NetCoreTemplate\Presentation\NetCoreTemplate.Api\NetCoreTemplate.Api.csproj]
C:\GitRepo\h-kerimsahin\NetCoreTemplate\Presentation\NetCoreTemplate.Api\DependencyInjection.cs(122,24): error CS0234: 'Models' tür veya ad alanı adı 'Microsoft.OpenApi' ad alanında yok (bir derleme başvurunuz mu eksik?) [C:\GitRepo\h-kerimsahin\NetCoreTemplate\Presentation\NetCoreTemplate.Api\NetCoreTemplate.Api.csproj]
C:\GitRepo\h-kerimsahin\NetCoreTemplate\Presentation\NetCoreTemplate.Api\DependencyInjection.cs(125,22): error CS0234: 'Models' tür veya ad alanı adı 'Microsoft.OpenApi' ad alanında yok (bir derleme başvurunuz mu eksik?) [C:\GitRepo\h-kerimsahin\NetCoreTemplate\Presentation\NetCoreTemplate.Api\NetCoreTemplate.Api.csproj]
C:\GitRepo\h-kerimsahin\NetCoreTemplate\Presentation\NetCoreTemplate.Api\Endpoints\HealthEndpoints.cs(18,45): error CS0246: 'FromServicesAttribute' türü veya ad alanı adı bulunamadı (bir using yönergeniz veya derleme başvurunuz mu eksik?) [C:\GitRepo\h-kerimsahin\NetCoreTemplate\Presentation\NetCoreTemplate.Api\NetCoreTemplate.Api.csproj]
C:\GitRepo\h-kerimsahin\NetCoreTemplate\Presentation\NetCoreTemplate.Api\Endpoints\HealthEndpoints.cs(18,45): error CS0246: 'FromServices' türü veya ad alanı adı bulunamadı (bir using yönergeniz veya derleme başvurunuz mu eksik?) [C:\GitRepo\h-kerimsahin\NetCoreTemplate\Presentation\NetCoreTemplate.Api\NetCoreTemplate.Api.csproj]
C:\GitRepo\h-kerimsahin\NetCoreTemplate\Presentation\NetCoreTemplate.Api\Endpoints\HealthEndpoints.cs(34,48): error CS0246: 'FromServicesAttribute' türü veya ad alanı adı bulunamadı (bir using yönergeniz veya derleme başvurunuz mu eksik?) [C:\GitRepo\h-kerimsahin\NetCoreTemplate\Presentation\NetCoreTemplate.Api\NetCoreTemplate.Api.csproj]
C:\GitRepo\h-kerimsahin\NetCoreTemplate\Presentation\NetCoreTemplate.Api\Endpoints\HealthEndpoints.cs(34,48): error CS0246: 'FromServices' türü veya ad alanı adı bulunamadı (bir using yönergeniz veya derleme başvurunuz mu eksik?) [C:\GitRepo\h-kerimsahin\NetCoreTemplate\Presentation\NetCoreTemplate.Api\NetCoreTemplate.Api.csproj]
C:\GitRepo\h-kerimsahin\NetCoreTemplate\Presentation\NetCoreTemplate.Api\Endpoints\SystemLogsEndpoints.cs(39,38): error CS1061: 'RouteHandlerBuilder' bir 'EnableQuery' tanımı içermiyor ve 'RouteHandlerBuilder' türünde bir ilk bağımsız değişken kabul eden hiçbir erişilebilir 'EnableQuery' genişletme yöntemi bulunamadı (bir kullanma yönergeniz veya derleme başvurunuz eksik olabilir mi?) [C:\GitRepo\h-kerimsahin\NetCoreTemplate\Presentation\NetCoreTemplate.Api\NetCoreTemplate.Api.csproj]
C:\GitRepo\h-kerimsahin\NetCoreTemplate\Presentation\NetCoreTemplate.Api\Endpoints\SystemLogsEndpoints.cs(57,42): error CS1061: 'RouteHandlerBuilder' bir 'EnableQuery' tanımı içermiyor ve 'RouteHandlerBuilder' türünde bir ilk bağımsız değişken kabul eden hiçbir erişilebilir 'EnableQuery' genişletme yöntemi bulunamadı (bir kullanma yönergeniz veya derleme başvurunuz eksik olabilir mi?) [C:\GitRepo\h-kerimsahin\NetCoreTemplate\Presentation\NetCoreTemplate.Api\NetCoreTemplate.Api.csproj]
C:\GitRepo\h-kerimsahin\NetCoreTemplate\Presentation\NetCoreTemplate.Api\Endpoints\NotificationsEndpoints.cs(30,19): error CS1929: 'IAppNotificationRepository' bir 'Add' tanımı içermiyor ve en iyi genişletme yöntemi yeniden yüklemesi olan 'ApplicationModelConventionExtensions.Add(IList<IApplicationModelConvention>, IControllerModelConvention)', 'System.Collections.Generic.IList<Microsoft.AspNetCore.Mvc.ApplicationModels.IApplicationModelConvention>' türünün bir alıcısını gerektiriyor [C:\GitRepo\h-kerimsahin\NetCoreTemplate\Presentation\NetCoreTemplate.Api\NetCoreTemplate.Api.csproj]
C:\GitRepo\h-kerimsahin\NetCoreTemplate\Presentation\NetCoreTemplate.Api\Endpoints\SoftRestoreEndpoints.cs(46,48): error CS1061: 'RouteHandlerBuilder' bir 'EnableQuery' tanımı içermiyor ve 'RouteHandlerBuilder' türünde bir ilk bağımsız değişken kabul eden hiçbir erişilebilir 'EnableQuery' genişletme yöntemi bulunamadı (bir kullanma yönergeniz veya derleme başvurunuz eksik olabilir mi?) [C:\GitRepo\h-kerimsahin\NetCoreTemplate\Presentation\NetCoreTemplate.Api\NetCoreTemplate.Api.csproj]
C:\GitRepo\h-kerimsahin\NetCoreTemplate\Presentation\NetCoreTemplate.Api\Endpoints\RolesEndpoints.cs(30,19): error CS1929: 'IAppRoleRepository' bir 'Add' tanımı içermiyor ve en iyi genişletme yöntemi yeniden yüklemesi olan 'ApplicationModelConventionExtensions.Add(IList<IApplicationModelConvention>, IControllerModelConvention)', 'System.Collections.Generic.IList<Microsoft.AspNetCore.Mvc.ApplicationModels.IApplicationModelConvention>' türünün bir alıcısını gerektiriyor [C:\GitRepo\h-kerimsahin\NetCoreTemplate\Presentation\NetCoreTemplate.Api\NetCoreTemplate.Api.csproj]
C:\GitRepo\h-kerimsahin\NetCoreTemplate\Presentation\NetCoreTemplate.Api\Endpoints\RolesEndpoints.cs(38,43): error CS1061: 'IAppRoleRepository' bir 'GetById' tanımı içermiyor ve 'IAppRoleRepository' türünde bir ilk bağımsız değişken kabul eden hiçbir erişilebilir 'GetById' genişletme yöntemi bulunamadı (bir kullanma yönergeniz veya derleme başvurunuz eksik olabilir mi?) [C:\GitRepo\h-kerimsahin\NetCoreTemplate\Presentation\NetCoreTemplate.Api\NetCoreTemplate.Api.csproj]
C:\GitRepo\h-kerimsahin\NetCoreTemplate\Presentation\NetCoreTemplate.Api\Endpoints\RolesEndpoints.cs(52,43): error CS1061: 'IAppRoleRepository' bir 'GetById' tanımı içermiyor ve 'IAppRoleRepository' türünde bir ilk bağımsız değişken kabul eden hiçbir erişilebilir 'GetById' genişletme yöntemi bulunamadı (bir kullanma yönergeniz veya derleme başvurunuz eksik olabilir mi?) [C:\GitRepo\h-kerimsahin\NetCoreTemplate\Presentation\NetCoreTemplate.Api\NetCoreTemplate.Api.csproj]
C:\GitRepo\h-kerimsahin\NetCoreTemplate\Presentation\NetCoreTemplate.Api\Endpoints\RolesEndpoints.cs(66,43): error CS1061: 'IAppRoleRepository' bir 'GetById' tanımı içermiyor ve 'IAppRoleRepository' türünde bir ilk bağımsız değişken kabul eden hiçbir erişilebilir 'GetById' genişletme yöntemi bulunamadı (bir kullanma yönergeniz veya derleme başvurunuz eksik olabilir mi?) [C:\GitRepo\h-kerimsahin\NetCoreTemplate\Presentation\NetCoreTemplate.Api\NetCoreTemplate.Api.csproj]
C:\GitRepo\h-kerimsahin\NetCoreTemplate\Presentation\NetCoreTemplate.Api\Endpoints\RolesEndpoints.cs(73,36): error CS1061: 'IAppRolePermissionRepository' bir 'DeleteRange' tanımı içermiyor ve 'IAppRolePermissionRepository' türünde bir ilk bağımsız değişken kabul eden hiçbir erişilebilir 'DeleteRange' genişletme yöntemi bulunamadı (bir kullanma yönergeniz veya derleme başvurunuz eksik olabilir mi?) [C:\GitRepo\h-kerimsahin\NetCoreTemplate\Presentation\NetCoreTemplate.Api\NetCoreTemplate.Api.csproj]
C:\GitRepo\h-kerimsahin\NetCoreTemplate\Presentation\NetCoreTemplate.Api\Endpoints\RolesEndpoints.cs(76,17): error CS1929: 'IAppRolePermissionRepository' bir 'Add' tanımı içermiyor ve en iyi genişletme yöntemi yeniden yüklemesi olan 'ApplicationModelConventionExtensions.Add(IList<IApplicationModelConvention>, IControllerModelConvention)', 'System.Collections.Generic.IList<Microsoft.AspNetCore.Mvc.ApplicationModels.IApplicationModelConvention>' türünün bir alıcısını gerektiriyor [C:\GitRepo\h-kerimsahin\NetCoreTemplate\Presentation\NetCoreTemplate.Api\NetCoreTemplate.Api.csproj]
C:\GitRepo\h-kerimsahin\NetCoreTemplate\Presentation\NetCoreTemplate.Api\Endpoints\RolesEndpoints.cs(85,43): error CS1061: 'IAppRoleRepository' bir 'GetById' tanımı içermiyor ve 'IAppRoleRepository' türünde bir ilk bağımsız değişken kabul eden hiçbir erişilebilir 'GetById' genişletme yöntemi bulunamadı (bir kullanma yönergeniz veya derleme başvurunuz eksik olabilir mi?) [C:\GitRepo\h-kerimsahin\NetCoreTemplate\Presentation\NetCoreTemplate.Api\NetCoreTemplate.Api.csproj]
C:\GitRepo\h-kerimsahin\NetCoreTemplate\Presentation\NetCoreTemplate.Api\Endpoints\RolesEndpoints.cs(102,41): error CS1061: 'RouteHandlerBuilder' bir 'EnableQuery' tanımı içermiyor ve 'RouteHandlerBuilder' türünde bir ilk bağımsız değişken kabul eden hiçbir erişilebilir 'EnableQuery' genişletme yöntemi bulunamadı (bir kullanma yönergeniz veya derleme başvurunuz eksik olabilir mi?) [C:\GitRepo\h-kerimsahin\NetCoreTemplate\Presentation\NetCoreTemplate.Api\NetCoreTemplate.Api.csproj]
C:\GitRepo\h-kerimsahin\NetCoreTemplate\Presentation\NetCoreTemplate.Api\Endpoints\AuthEndpoints.cs(52,42): error CS1061: 'IAppUserRepository' bir 'GetById' tanımı içermiyor ve 'IAppUserRepository' türünde bir ilk bağımsız değişken kabul eden hiçbir erişilebilir 'GetById' genişletme yöntemi bulunamadı (bir kullanma yönergeniz veya derleme başvurunuz eksik olabilir mi?) [C:\GitRepo\h-kerimsahin\NetCoreTemplate\Presentation\NetCoreTemplate.Api\NetCoreTemplate.Api.csproj]
C:\GitRepo\h-kerimsahin\NetCoreTemplate\Presentation\NetCoreTemplate.Api\Endpoints\AuthEndpoints.cs(71,43): error CS1061: 'IAppUserRepository' bir 'GetById' tanımı içermiyor ve 'IAppUserRepository' türünde bir ilk bağımsız değişken kabul eden hiçbir erişilebilir 'GetById' genişletme yöntemi bulunamadı (bir kullanma yönergeniz veya derleme başvurunuz eksik olabilir mi?) [C:\GitRepo\h-kerimsahin\NetCoreTemplate\Presentation\NetCoreTemplate.Api\NetCoreTemplate.Api.csproj]
C:\GitRepo\h-kerimsahin\NetCoreTemplate\Presentation\NetCoreTemplate.Api\Endpoints\AuthEndpoints.cs(86,42): error CS1061: 'IAppUserRepository' bir 'GetById' tanımı içermiyor ve 'IAppUserRepository' türünde bir ilk bağımsız değişken kabul eden hiçbir erişilebilir 'GetById' genişletme yöntemi bulunamadı (bir kullanma yönergeniz veya derleme başvurunuz eksik olabilir mi?) [C:\GitRepo\h-kerimsahin\NetCoreTemplate\Presentation\NetCoreTemplate.Api\NetCoreTemplate.Api.csproj]
C:\GitRepo\h-kerimsahin\NetCoreTemplate\Presentation\NetCoreTemplate.Api\Endpoints\AuthEndpoints.cs(93,69): error CS1061: 'AppUserRefreshToken' bir 'UserId' tanımı içermiyor ve 'AppUserRefreshToken' türünde bir ilk bağımsız değişken kabul eden hiçbir erişilebilir 'UserId' genişletme yöntemi bulunamadı (bir kullanma yönergeniz veya derleme başvurunuz eksik olabilir mi?) [C:\GitRepo\h-kerimsahin\NetCoreTemplate\Presentation\NetCoreTemplate.Api\NetCoreTemplate.Api.csproj]
C:\GitRepo\h-kerimsahin\NetCoreTemplate\Presentation\NetCoreTemplate.Api\Endpoints\AuthEndpoints.cs(94,38): error CS1061: 'IAppUserRefreshTokenRepository' bir 'DeleteRange' tanımı içermiyor ve 'IAppUserRefreshTokenRepository' türünde bir ilk bağımsız değişken kabul eden hiçbir erişilebilir 'DeleteRange' genişletme yöntemi bulunamadı (bir kullanma yönergeniz veya derleme başvurunuz eksik olabilir mi?) [C:\GitRepo\h-kerimsahin\NetCoreTemplate\Presentation\NetCoreTemplate.Api\NetCoreTemplate.Api.csproj]
C:\GitRepo\h-kerimsahin\NetCoreTemplate\Presentation\NetCoreTemplate.Api\Endpoints\UserManagementEndpoints.cs(27,43): error CS1061: 'IAppUserRepository' bir 'GetById' tanımı içermiyor ve 'IAppUserRepository' türünde bir ilk bağımsız değişken kabul eden hiçbir erişilebilir 'GetById' genişletme yöntemi bulunamadı (bir kullanma yönergeniz veya derleme başvurunuz eksik olabilir mi?) [C:\GitRepo\h-kerimsahin\NetCoreTemplate\Presentation\NetCoreTemplate.Api\NetCoreTemplate.Api.csproj]
C:\GitRepo\h-kerimsahin\NetCoreTemplate\Presentation\NetCoreTemplate.Api\Endpoints\UserManagementEndpoints.cs(34,30): error CS1061: 'IAppUserRoleRepository' bir 'DeleteRange' tanımı içermiyor ve 'IAppUserRoleRepository' türünde bir ilk bağımsız değişken kabul eden hiçbir erişilebilir 'DeleteRange' genişletme yöntemi bulunamadı (bir kullanma yönergeniz veya derleme başvurunuz eksik olabilir mi?) [C:\GitRepo\h-kerimsahin\NetCoreTemplate\Presentation\NetCoreTemplate.Api\NetCoreTemplate.Api.csproj]
C:\GitRepo\h-kerimsahin\NetCoreTemplate\Presentation\NetCoreTemplate.Api\Endpoints\UserManagementEndpoints.cs(37,17): error CS1929: 'IAppUserRoleRepository' bir 'Add' tanımı içermiyor ve en iyi genişletme yöntemi yeniden yüklemesi olan 'ApplicationModelConventionExtensions.Add(IList<IApplicationModelConvention>, IControllerModelConvention)', 'System.Collections.Generic.IList<Microsoft.AspNetCore.Mvc.ApplicationModels.IApplicationModelConvention>' türünün bir alıcısını gerektiriyor [C:\GitRepo\h-kerimsahin\NetCoreTemplate\Presentation\NetCoreTemplate.Api\NetCoreTemplate.Api.csproj]
C:\GitRepo\h-kerimsahin\NetCoreTemplate\Presentation\NetCoreTemplate.Api\Endpoints\UserManagementEndpoints.cs(48,30): error CS1061: 'IAppUserRoleRepository' bir 'DeleteRange' tanımı içermiyor ve 'IAppUserRoleRepository' türünde bir ilk bağımsız değişken kabul eden hiçbir erişilebilir 'DeleteRange' genişletme yöntemi bulunamadı (bir kullanma yönergeniz veya derleme başvurunuz eksik olabilir mi?) [C:\GitRepo\h-kerimsahin\NetCoreTemplate\Presentation\NetCoreTemplate.Api\NetCoreTemplate.Api.csproj]
C:\GitRepo\h-kerimsahin\NetCoreTemplate\Presentation\NetCoreTemplate.Api\Endpoints\UserManagementEndpoints.cs(49,43): error CS1061: 'IAppUserRepository' bir 'GetById' tanımı içermiyor ve 'IAppUserRepository' türünde bir ilk bağımsız değişken kabul eden hiçbir erişilebilir 'GetById' genişletme yöntemi bulunamadı (bir kullanma yönergeniz veya derleme başvurunuz eksik olabilir mi?) [C:\GitRepo\h-kerimsahin\NetCoreTemplate\Presentation\NetCoreTemplate.Api\NetCoreTemplate.Api.csproj]
C:\GitRepo\h-kerimsahin\NetCoreTemplate\Presentation\NetCoreTemplate.Api\Endpoints\UserManagementEndpoints.cs(58,43): error CS1061: 'IAppUserRepository' bir 'GetById' tanımı içermiyor ve 'IAppUserRepository' türünde bir ilk bağımsız değişken kabul eden hiçbir erişilebilir 'GetById' genişletme yöntemi bulunamadı (bir kullanma yönergeniz veya derleme başvurunuz eksik olabilir mi?) [C:\GitRepo\h-kerimsahin\NetCoreTemplate\Presentation\NetCoreTemplate.Api\NetCoreTemplate.Api.csproj]
C:\GitRepo\h-kerimsahin\NetCoreTemplate\Presentation\NetCoreTemplate.Api\Endpoints\UserManagementEndpoints.cs(65,69): error CS1061: 'AppUserRefreshToken' bir 'UserId' tanımı içermiyor ve 'AppUserRefreshToken' türünde bir ilk bağımsız değişken kabul eden hiçbir erişilebilir 'UserId' genişletme yöntemi bulunamadı (bir kullanma yönergeniz veya derleme başvurunuz eksik olabilir mi?) [C:\GitRepo\h-kerimsahin\NetCoreTemplate\Presentation\NetCoreTemplate.Api\NetCoreTemplate.Api.csproj]
C:\GitRepo\h-kerimsahin\NetCoreTemplate\Presentation\NetCoreTemplate.Api\Endpoints\UserManagementEndpoints.cs(66,38): error CS1061: 'IAppUserRefreshTokenRepository' bir 'DeleteRange' tanımı içermiyor ve 'IAppUserRefreshTokenRepository' türünde bir ilk bağımsız değişken kabul eden hiçbir erişilebilir 'DeleteRange' genişletme yöntemi bulunamadı (bir kullanma yönergeniz veya derleme başvurunuz eksik olabilir mi?) [C:\GitRepo\h-kerimsahin\NetCoreTemplate\Presentation\NetCoreTemplate.Api\NetCoreTemplate.Api.csproj]
C:\GitRepo\h-kerimsahin\NetCoreTemplate\Presentation\NetCoreTemplate.Api\Endpoints\UserManagementEndpoints.cs(74,43): error CS1061: 'IAppUserRepository' bir 'GetById' tanımı içermiyor ve 'IAppUserRepository' türünde bir ilk bağımsız değişken kabul eden hiçbir erişilebilir 'GetById' genişletme yöntemi bulunamadı (bir kullanma yönergeniz veya derleme başvurunuz eksik olabilir mi?) [C:\GitRepo\h-kerimsahin\NetCoreTemplate\Presentation\NetCoreTemplate.Api\NetCoreTemplate.Api.csproj]

Oluşturma BAŞARISIZ OLDU.

C:\GitRepo\h-kerimsahin\NetCoreTemplate\Presentation\NetCoreTemplate.Api\NetCoreTemplate.Api.csproj : warning NU1603: NetCoreTemplate.Infrastructure, Azure.Storage.Blobs (>= 12.22.4) öğesine bağlı ancak Azure.Storage.Blobs 12.22.4 bulunamadı. Bunun yerine Azure.Storage.Blobs 12.23.0 çözümlendi.
C:\GitRepo\h-kerimsahin\NetCoreTemplate\Presentation\NetCoreTemplate.Api\NetCoreTemplate.Api.csproj : warning NU1603: NetCoreTemplate.Api, OpenTelemetry.Exporter.Prometheus.AspNetCore (>= 1.9.0-beta.6) öğesine bağlı ancak OpenTelemetry.Exporter.Prometheus.AspNetCore 1.9.0-beta.6 bulunamadı. Bunun yerine OpenTelemetry.Exporter.Prometheus.AspNetCore 1.10.0-beta.1 çözümlendi.
C:\GitRepo\h-kerimsahin\NetCoreTemplate\Presentation\NetCoreTemplate.Api\NetCoreTemplate.Api.csproj : warning NU1603: NetCoreTemplate.Infrastructure, Polly.Extensions (>= 3.0.0) öğesine bağlı ancak Polly.Extensions 3.0.0 bulunamadı. Bunun yerine Polly.Extensions 8.0.0 çözümlendi.
C:\GitRepo\h-kerimsahin\NetCoreTemplate\Presentation\NetCoreTemplate.Api\NetCoreTemplate.Api.csproj : warning NU1903: 'Newtonsoft.Json' 11.0.1 paketinde önem derecesi yüksek olan bilinen bir https://github.com/advisories/GHSA-5crp-9r3c-p9vr güvenlik açığı var
C:\GitRepo\h-kerimsahin\NetCoreTemplate\Presentation\NetCoreTemplate.Api\NetCoreTemplate.Api.csproj : warning NU1902: 'OpenTelemetry.Api' 1.10.0 paketinde önem derecesi orta olan bilinen bir https://github.com/advisories/GHSA-8785-wc3w-h8q6 güvenlik açığı var
C:\GitRepo\h-kerimsahin\NetCoreTemplate\Presentation\NetCoreTemplate.Api\NetCoreTemplate.Api.csproj : warning NU1902: 'OpenTelemetry.Api' 1.10.0 paketinde önem derecesi orta olan bilinen bir https://github.com/advisories/GHSA-g94r-2vxg-569j güvenlik açığı var
C:\GitRepo\h-kerimsahin\NetCoreTemplate\Presentation\NetCoreTemplate.Api\NetCoreTemplate.Api.csproj : warning NU1902: 'OpenTelemetry.Exporter.OpenTelemetryProtocol' 1.9.0 paketinde önem derecesi orta olan bilinen bir https://github.com/advisories/GHSA-4625-4j76-fww9 güvenlik açığı var
C:\GitRepo\h-kerimsahin\NetCoreTemplate\Core\NetCoreTemplate.Infrastructure\NetCoreTemplate.Infrastructure.csproj : warning NU1603: NetCoreTemplate.Infrastructure depends on Azure.Storage.Blobs (>= 12.22.4) but Azure.Storage.Blobs 12.22.4 was not found. Azure.Storage.Blobs 12.23.0 was resolved instead.
C:\GitRepo\h-kerimsahin\NetCoreTemplate\Core\NetCoreTemplate.Infrastructure\NetCoreTemplate.Infrastructure.csproj : warning NU1603: NetCoreTemplate.Infrastructure depends on Polly.Extensions (>= 3.0.0) but Polly.Extensions 3.0.0 was not found. Polly.Extensions 8.0.0 was resolved instead.
C:\GitRepo\h-kerimsahin\NetCoreTemplate\Core\NetCoreTemplate.Infrastructure\NetCoreTemplate.Infrastructure.csproj : warning NU1903: Package 'Newtonsoft.Json' 11.0.2 has a known high severity vulnerability, https://github.com/advisories/GHSA-5crp-9r3c-p9vr
C:\GitRepo\h-kerimsahin\NetCoreTemplate\Core\NetCoreTemplate.Infrastructure\NetCoreTemplate.Infrastructure.csproj : warning NU1902: Package 'OpenTelemetry.Api' 1.10.0 has a known moderate severity vulnerability, https://github.com/advisories/GHSA-8785-wc3w-h8q6
C:\GitRepo\h-kerimsahin\NetCoreTemplate\Core\NetCoreTemplate.Infrastructure\NetCoreTemplate.Infrastructure.csproj : warning NU1902: Package 'OpenTelemetry.Api' 1.10.0 has a known moderate severity vulnerability, https://github.com/advisories/GHSA-g94r-2vxg-569j
C:\GitRepo\h-kerimsahin\NetCoreTemplate\Core\NetCoreTemplate.Infrastructure\NetCoreTemplate.Infrastructure.csproj : warning NU1902: Package 'OpenTelemetry.Exporter.OpenTelemetryProtocol' 1.9.0 has a known moderate severity vulnerability, https://github.com/advisories/GHSA-4625-4j76-fww9
C:\GitRepo\h-kerimsahin\NetCoreTemplate\Core\NetCoreTemplate.Application\NetCoreTemplate.Application.csproj : warning NU1903: Package 'Newtonsoft.Json' 11.0.1 has a known high severity vulnerability, https://github.com/advisories/GHSA-5crp-9r3c-p9vr
C:\GitRepo\h-kerimsahin\NetCoreTemplate\Presentation\NetCoreTemplate.Api\DependencyInjection.cs(263,13): warning CS0618: 'RecurringJob.AddOrUpdate<T>(string, Expression<Func<T, Task>>, string, TimeZoneInfo, string)' artık kullanılmıyor: 'Please use AddOrUpdate<T>(string, Expression<Func<T, Task>>, string, RecurringJobOptions) instead. Will be removed in 2.0.0.' [C:\GitRepo\h-kerimsahin\NetCoreTemplate\Presentation\NetCoreTemplate.Api\NetCoreTemplate.Api.csproj]
C:\GitRepo\h-kerimsahin\NetCoreTemplate\Presentation\NetCoreTemplate.Api\ApiVersioning\VersioningConfiguration.cs(16,12): error CS1501: 'AddApiExplorer' yöntemi için hiçbir tekrar yükleme 1 bağımsız değişken almaz [C:\GitRepo\h-kerimsahin\NetCoreTemplate\Presentation\NetCoreTemplate.Api\NetCoreTemplate.Api.csproj]
C:\GitRepo\h-kerimsahin\NetCoreTemplate\Presentation\NetCoreTemplate.Api\ApiVersioning\VersioningConfiguration.cs(32,21): error CS1061: 'ODataOptions' bir 'EnableNoDollarSign' tanımı içermiyor ve 'ODataOptions' türünde bir ilk bağımsız değişken kabul eden hiçbir erişilebilir 'EnableNoDollarSign' genişletme yöntemi bulunamadı (bir kullanma yönergeniz veya derleme başvurunuz eksik olabilir mi?) [C:\GitRepo\h-kerimsahin\NetCoreTemplate\Presentation\NetCoreTemplate.Api\NetCoreTemplate.Api.csproj]
C:\GitRepo\h-kerimsahin\NetCoreTemplate\Presentation\NetCoreTemplate.Api\OpenTelemetry\OTelConfiguration.cs(19,19): error CS1061: 'TracerProviderBuilder' bir 'AddAspNetCore' tanımı içermiyor ve 'TracerProviderBuilder' türünde bir ilk bağımsız değişken kabul eden hiçbir erişilebilir 'AddAspNetCore' genişletme yöntemi bulunamadı (bir kullanma yönergeniz veya derleme başvurunuz eksik olabilir mi?) [C:\GitRepo\h-kerimsahin\NetCoreTemplate\Presentation\NetCoreTemplate.Api\NetCoreTemplate.Api.csproj]
C:\GitRepo\h-kerimsahin\NetCoreTemplate\Presentation\NetCoreTemplate.Api\OpenTelemetry\OTelConfiguration.cs(20,19): error CS1061: 'TracerProviderBuilder' bir 'AddEntityFrameworkCore' tanımı içermiyor ve 'TracerProviderBuilder' türünde bir ilk bağımsız değişken kabul eden hiçbir erişilebilir 'AddEntityFrameworkCore' genişletme yöntemi bulunamadı (bir kullanma yönergeniz veya derleme başvurunuz eksik olabilir mi?) [C:\GitRepo\h-kerimsahin\NetCoreTemplate\Presentation\NetCoreTemplate.Api\NetCoreTemplate.Api.csproj]
C:\GitRepo\h-kerimsahin\NetCoreTemplate\Presentation\NetCoreTemplate.Api\OpenTelemetry\OTelConfiguration.cs(21,17): error CS1929: 'TracerProviderBuilder' bir 'AddHttpClient' tanımı içermiyor ve en iyi genişletme yöntemi yeniden yüklemesi olan 'HttpClientFactoryServiceCollectionExtensions.AddHttpClient(IServiceCollection)', 'Microsoft.Extensions.DependencyInjection.IServiceCollection' türünün bir alıcısını gerektiriyor [C:\GitRepo\h-kerimsahin\NetCoreTemplate\Presentation\NetCoreTemplate.Api\NetCoreTemplate.Api.csproj]
C:\GitRepo\h-kerimsahin\NetCoreTemplate\Presentation\NetCoreTemplate.Api\OpenTelemetry\OTelConfiguration.cs(36,19): error CS1061: 'MeterProviderBuilder' bir 'AddAspNetCore' tanımı içermiyor ve 'MeterProviderBuilder' türünde bir ilk bağımsız değişken kabul eden hiçbir erişilebilir 'AddAspNetCore' genişletme yöntemi bulunamadı (bir kullanma yönergeniz veya derleme başvurunuz eksik olabilir mi?) [C:\GitRepo\h-kerimsahin\NetCoreTemplate\Presentation\NetCoreTemplate.Api\NetCoreTemplate.Api.csproj]
C:\GitRepo\h-kerimsahin\NetCoreTemplate\Presentation\NetCoreTemplate.Api\OpenTelemetry\OTelConfiguration.cs(37,17): error CS1929: 'MeterProviderBuilder' bir 'AddHttpClient' tanımı içermiyor ve en iyi genişletme yöntemi yeniden yüklemesi olan 'HttpClientFactoryServiceCollectionExtensions.AddHttpClient(IServiceCollection)', 'Microsoft.Extensions.DependencyInjection.IServiceCollection' türünün bir alıcısını gerektiriyor [C:\GitRepo\h-kerimsahin\NetCoreTemplate\Presentation\NetCoreTemplate.Api\NetCoreTemplate.Api.csproj]
C:\GitRepo\h-kerimsahin\NetCoreTemplate\Presentation\NetCoreTemplate.Api\OpenTelemetry\OTelConfiguration.cs(38,19): error CS1061: 'MeterProviderBuilder' bir 'AddEventCounters' tanımı içermiyor ve 'MeterProviderBuilder' türünde bir ilk bağımsız değişken kabul eden hiçbir erişilebilir 'AddEventCounters' genişletme yöntemi bulunamadı (bir kullanma yönergeniz veya derleme başvurunuz eksik olabilir mi?) [C:\GitRepo\h-kerimsahin\NetCoreTemplate\Presentation\NetCoreTemplate.Api\NetCoreTemplate.Api.csproj]
C:\GitRepo\h-kerimsahin\NetCoreTemplate\Presentation\NetCoreTemplate.Api\Endpoints\AuditEntriesEndpoints.cs(31,48): error CS1061: 'RouteHandlerBuilder' bir 'EnableQuery' tanımı içermiyor ve 'RouteHandlerBuilder' türünde bir ilk bağımsız değişken kabul eden hiçbir erişilebilir 'EnableQuery' genişletme yöntemi bulunamadı (bir kullanma yönergeniz veya derleme başvurunuz eksik olabilir mi?) [C:\GitRepo\h-kerimsahin\NetCoreTemplate\Presentation\NetCoreTemplate.Api\NetCoreTemplate.Api.csproj]
C:\GitRepo\h-kerimsahin\NetCoreTemplate\Presentation\NetCoreTemplate.Api\Endpoints\AuditEntriesEndpoints.cs(40,46): error CS1061: 'RouteHandlerBuilder' bir 'EnableQuery' tanımı içermiyor ve 'RouteHandlerBuilder' türünde bir ilk bağımsız değişken kabul eden hiçbir erişilebilir 'EnableQuery' genişletme yöntemi bulunamadı (bir kullanma yönergeniz veya derleme başvurunuz eksik olabilir mi?) [C:\GitRepo\h-kerimsahin\NetCoreTemplate\Presentation\NetCoreTemplate.Api\NetCoreTemplate.Api.csproj]
C:\GitRepo\h-kerimsahin\NetCoreTemplate\Presentation\NetCoreTemplate.Api\Health\HangfireHealthCheck.cs(14,48): error CS0023: '?' işleci 'long' türündeki işlenene uygulanamaz [C:\GitRepo\h-kerimsahin\NetCoreTemplate\Presentation\NetCoreTemplate.Api\NetCoreTemplate.Api.csproj]
C:\GitRepo\h-kerimsahin\NetCoreTemplate\Presentation\NetCoreTemplate.Api\Endpoints\FileStorageEndpoints.cs(32,47): error CS1061: 'IFileStorageService' bir 'SaveFileAsync' tanımı içermiyor ve 'IFileStorageService' türünde bir ilk bağımsız değişken kabul eden hiçbir erişilebilir 'SaveFileAsync' genişletme yöntemi bulunamadı (bir kullanma yönergeniz veya derleme başvurunuz eksik olabilir mi?) [C:\GitRepo\h-kerimsahin\NetCoreTemplate\Presentation\NetCoreTemplate.Api\NetCoreTemplate.Api.csproj]
C:\GitRepo\h-kerimsahin\NetCoreTemplate\Presentation\NetCoreTemplate.Api\Endpoints\UserProfileEndpoints.cs(41,48): error CS1061: 'RouteHandlerBuilder' bir 'EnableQuery' tanımı içermiyor ve 'RouteHandlerBuilder' türünde bir ilk bağımsız değişken kabul eden hiçbir erişilebilir 'EnableQuery' genişletme yöntemi bulunamadı (bir kullanma yönergeniz veya derleme başvurunuz eksik olabilir mi?) [C:\GitRepo\h-kerimsahin\NetCoreTemplate\Presentation\NetCoreTemplate.Api\NetCoreTemplate.Api.csproj]
C:\GitRepo\h-kerimsahin\NetCoreTemplate\Presentation\NetCoreTemplate.Api\DependencyInjection.cs(102,56): error CS0234: 'Models' tür veya ad alanı adı 'Microsoft.OpenApi' ad alanında yok (bir derleme başvurunuz mu eksik?) [C:\GitRepo\h-kerimsahin\NetCoreTemplate\Presentation\NetCoreTemplate.Api\NetCoreTemplate.Api.csproj]
C:\GitRepo\h-kerimsahin\NetCoreTemplate\Presentation\NetCoreTemplate.Api\DependencyInjection.cs(108,56): error CS0234: 'Models' tür veya ad alanı adı 'Microsoft.OpenApi' ad alanında yok (bir derleme başvurunuz mu eksik?) [C:\GitRepo\h-kerimsahin\NetCoreTemplate\Presentation\NetCoreTemplate.Api\NetCoreTemplate.Api.csproj]
C:\GitRepo\h-kerimsahin\NetCoreTemplate\Presentation\NetCoreTemplate.Api\DependencyInjection.cs(119,62): error CS0234: 'Models' tür veya ad alanı adı 'Microsoft.OpenApi' ad alanında yok (bir derleme başvurunuz mu eksik?) [C:\GitRepo\h-kerimsahin\NetCoreTemplate\Presentation\NetCoreTemplate.Api\NetCoreTemplate.Api.csproj]
C:\GitRepo\h-kerimsahin\NetCoreTemplate\Presentation\NetCoreTemplate.Api\DependencyInjection.cs(122,24): error CS0234: 'Models' tür veya ad alanı adı 'Microsoft.OpenApi' ad alanında yok (bir derleme başvurunuz mu eksik?) [C:\GitRepo\h-kerimsahin\NetCoreTemplate\Presentation\NetCoreTemplate.Api\NetCoreTemplate.Api.csproj]
C:\GitRepo\h-kerimsahin\NetCoreTemplate\Presentation\NetCoreTemplate.Api\DependencyInjection.cs(125,22): error CS0234: 'Models' tür veya ad alanı adı 'Microsoft.OpenApi' ad alanında yok (bir derleme başvurunuz mu eksik?) [C:\GitRepo\h-kerimsahin\NetCoreTemplate\Presentation\NetCoreTemplate.Api\NetCoreTemplate.Api.csproj]
C:\GitRepo\h-kerimsahin\NetCoreTemplate\Presentation\NetCoreTemplate.Api\Endpoints\HealthEndpoints.cs(18,45): error CS0246: 'FromServicesAttribute' türü veya ad alanı adı bulunamadı (bir using yönergeniz veya derleme başvurunuz mu eksik?) [C:\GitRepo\h-kerimsahin\NetCoreTemplate\Presentation\NetCoreTemplate.Api\NetCoreTemplate.Api.csproj]
C:\GitRepo\h-kerimsahin\NetCoreTemplate\Presentation\NetCoreTemplate.Api\Endpoints\HealthEndpoints.cs(18,45): error CS0246: 'FromServices' türü veya ad alanı adı bulunamadı (bir using yönergeniz veya derleme başvurunuz mu eksik?) [C:\GitRepo\h-kerimsahin\NetCoreTemplate\Presentation\NetCoreTemplate.Api\NetCoreTemplate.Api.csproj]
C:\GitRepo\h-kerimsahin\NetCoreTemplate\Presentation\NetCoreTemplate.Api\Endpoints\HealthEndpoints.cs(34,48): error CS0246: 'FromServicesAttribute' türü veya ad alanı adı bulunamadı (bir using yönergeniz veya derleme başvurunuz mu eksik?) [C:\GitRepo\h-kerimsahin\NetCoreTemplate\Presentation\NetCoreTemplate.Api\NetCoreTemplate.Api.csproj]
C:\GitRepo\h-kerimsahin\NetCoreTemplate\Presentation\NetCoreTemplate.Api\Endpoints\HealthEndpoints.cs(34,48): error CS0246: 'FromServices' türü veya ad alanı adı bulunamadı (bir using yönergeniz veya derleme başvurunuz mu eksik?) [C:\GitRepo\h-kerimsahin\NetCoreTemplate\Presentation\NetCoreTemplate.Api\NetCoreTemplate.Api.csproj]
C:\GitRepo\h-kerimsahin\NetCoreTemplate\Presentation\NetCoreTemplate.Api\Endpoints\SystemLogsEndpoints.cs(39,38): error CS1061: 'RouteHandlerBuilder' bir 'EnableQuery' tanımı içermiyor ve 'RouteHandlerBuilder' türünde bir ilk bağımsız değişken kabul eden hiçbir erişilebilir 'EnableQuery' genişletme yöntemi bulunamadı (bir kullanma yönergeniz veya derleme başvurunuz eksik olabilir mi?) [C:\GitRepo\h-kerimsahin\NetCoreTemplate\Presentation\NetCoreTemplate.Api\NetCoreTemplate.Api.csproj]
C:\GitRepo\h-kerimsahin\NetCoreTemplate\Presentation\NetCoreTemplate.Api\Endpoints\SystemLogsEndpoints.cs(57,42): error CS1061: 'RouteHandlerBuilder' bir 'EnableQuery' tanımı içermiyor ve 'RouteHandlerBuilder' türünde bir ilk bağımsız değişken kabul eden hiçbir erişilebilir 'EnableQuery' genişletme yöntemi bulunamadı (bir kullanma yönergeniz veya derleme başvurunuz eksik olabilir mi?) [C:\GitRepo\h-kerimsahin\NetCoreTemplate\Presentation\NetCoreTemplate.Api\NetCoreTemplate.Api.csproj]
C:\GitRepo\h-kerimsahin\NetCoreTemplate\Presentation\NetCoreTemplate.Api\Endpoints\NotificationsEndpoints.cs(30,19): error CS1929: 'IAppNotificationRepository' bir 'Add' tanımı içermiyor ve en iyi genişletme yöntemi yeniden yüklemesi olan 'ApplicationModelConventionExtensions.Add(IList<IApplicationModelConvention>, IControllerModelConvention)', 'System.Collections.Generic.IList<Microsoft.AspNetCore.Mvc.ApplicationModels.IApplicationModelConvention>' türünün bir alıcısını gerektiriyor [C:\GitRepo\h-kerimsahin\NetCoreTemplate\Presentation\NetCoreTemplate.Api\NetCoreTemplate.Api.csproj]
C:\GitRepo\h-kerimsahin\NetCoreTemplate\Presentation\NetCoreTemplate.Api\Endpoints\SoftRestoreEndpoints.cs(46,48): error CS1061: 'RouteHandlerBuilder' bir 'EnableQuery' tanımı içermiyor ve 'RouteHandlerBuilder' türünde bir ilk bağımsız değişken kabul eden hiçbir erişilebilir 'EnableQuery' genişletme yöntemi bulunamadı (bir kullanma yönergeniz veya derleme başvurunuz eksik olabilir mi?) [C:\GitRepo\h-kerimsahin\NetCoreTemplate\Presentation\NetCoreTemplate.Api\NetCoreTemplate.Api.csproj]
C:\GitRepo\h-kerimsahin\NetCoreTemplate\Presentation\NetCoreTemplate.Api\Endpoints\RolesEndpoints.cs(30,19): error CS1929: 'IAppRoleRepository' bir 'Add' tanımı içermiyor ve en iyi genişletme yöntemi yeniden yüklemesi olan 'ApplicationModelConventionExtensions.Add(IList<IApplicationModelConvention>, IControllerModelConvention)', 'System.Collections.Generic.IList<Microsoft.AspNetCore.Mvc.ApplicationModels.IApplicationModelConvention>' türünün bir alıcısını gerektiriyor [C:\GitRepo\h-kerimsahin\NetCoreTemplate\Presentation\NetCoreTemplate.Api\NetCoreTemplate.Api.csproj]
C:\GitRepo\h-kerimsahin\NetCoreTemplate\Presentation\NetCoreTemplate.Api\Endpoints\RolesEndpoints.cs(38,43): error CS1061: 'IAppRoleRepository' bir 'GetById' tanımı içermiyor ve 'IAppRoleRepository' türünde bir ilk bağımsız değişken kabul eden hiçbir erişilebilir 'GetById' genişletme yöntemi bulunamadı (bir kullanma yönergeniz veya derleme başvurunuz eksik olabilir mi?) [C:\GitRepo\h-kerimsahin\NetCoreTemplate\Presentation\NetCoreTemplate.Api\NetCoreTemplate.Api.csproj]
C:\GitRepo\h-kerimsahin\NetCoreTemplate\Presentation\NetCoreTemplate.Api\Endpoints\RolesEndpoints.cs(52,43): error CS1061: 'IAppRoleRepository' bir 'GetById' tanımı içermiyor ve 'IAppRoleRepository' türünde bir ilk bağımsız değişken kabul eden hiçbir erişilebilir 'GetById' genişletme yöntemi bulunamadı (bir kullanma yönergeniz veya derleme başvurunuz eksik olabilir mi?) [C:\GitRepo\h-kerimsahin\NetCoreTemplate\Presentation\NetCoreTemplate.Api\NetCoreTemplate.Api.csproj]
C:\GitRepo\h-kerimsahin\NetCoreTemplate\Presentation\NetCoreTemplate.Api\Endpoints\RolesEndpoints.cs(66,43): error CS1061: 'IAppRoleRepository' bir 'GetById' tanımı içermiyor ve 'IAppRoleRepository' türünde bir ilk bağımsız değişken kabul eden hiçbir erişilebilir 'GetById' genişletme yöntemi bulunamadı (bir kullanma yönergeniz veya derleme başvurunuz eksik olabilir mi?) [C:\GitRepo\h-kerimsahin\NetCoreTemplate\Presentation\NetCoreTemplate.Api\NetCoreTemplate.Api.csproj]
C:\GitRepo\h-kerimsahin\NetCoreTemplate\Presentation\NetCoreTemplate.Api\Endpoints\RolesEndpoints.cs(73,36): error CS1061: 'IAppRolePermissionRepository' bir 'DeleteRange' tanımı içermiyor ve 'IAppRolePermissionRepository' türünde bir ilk bağımsız değişken kabul eden hiçbir erişilebilir 'DeleteRange' genişletme yöntemi bulunamadı (bir kullanma yönergeniz veya derleme başvurunuz eksik olabilir mi?) [C:\GitRepo\h-kerimsahin\NetCoreTemplate\Presentation\NetCoreTemplate.Api\NetCoreTemplate.Api.csproj]
C:\GitRepo\h-kerimsahin\NetCoreTemplate\Presentation\NetCoreTemplate.Api\Endpoints\RolesEndpoints.cs(76,17): error CS1929: 'IAppRolePermissionRepository' bir 'Add' tanımı içermiyor ve en iyi genişletme yöntemi yeniden yüklemesi olan 'ApplicationModelConventionExtensions.Add(IList<IApplicationModelConvention>, IControllerModelConvention)', 'System.Collections.Generic.IList<Microsoft.AspNetCore.Mvc.ApplicationModels.IApplicationModelConvention>' türünün bir alıcısını gerektiriyor [C:\GitRepo\h-kerimsahin\NetCoreTemplate\Presentation\NetCoreTemplate.Api\NetCoreTemplate.Api.csproj]
C:\GitRepo\h-kerimsahin\NetCoreTemplate\Presentation\NetCoreTemplate.Api\Endpoints\RolesEndpoints.cs(85,43): error CS1061: 'IAppRoleRepository' bir 'GetById' tanımı içermiyor ve 'IAppRoleRepository' türünde bir ilk bağımsız değişken kabul eden hiçbir erişilebilir 'GetById' genişletme yöntemi bulunamadı (bir kullanma yönergeniz veya derleme başvurunuz eksik olabilir mi?) [C:\GitRepo\h-kerimsahin\NetCoreTemplate\Presentation\NetCoreTemplate.Api\NetCoreTemplate.Api.csproj]
C:\GitRepo\h-kerimsahin\NetCoreTemplate\Presentation\NetCoreTemplate.Api\Endpoints\RolesEndpoints.cs(102,41): error CS1061: 'RouteHandlerBuilder' bir 'EnableQuery' tanımı içermiyor ve 'RouteHandlerBuilder' türünde bir ilk bağımsız değişken kabul eden hiçbir erişilebilir 'EnableQuery' genişletme yöntemi bulunamadı (bir kullanma yönergeniz veya derleme başvurunuz eksik olabilir mi?) [C:\GitRepo\h-kerimsahin\NetCoreTemplate\Presentation\NetCoreTemplate.Api\NetCoreTemplate.Api.csproj]
C:\GitRepo\h-kerimsahin\NetCoreTemplate\Presentation\NetCoreTemplate.Api\Endpoints\AuthEndpoints.cs(52,42): error CS1061: 'IAppUserRepository' bir 'GetById' tanımı içermiyor ve 'IAppUserRepository' türünde bir ilk bağımsız değişken kabul eden hiçbir erişilebilir 'GetById' genişletme yöntemi bulunamadı (bir kullanma yönergeniz veya derleme başvurunuz eksik olabilir mi?) [C:\GitRepo\h-kerimsahin\NetCoreTemplate\Presentation\NetCoreTemplate.Api\NetCoreTemplate.Api.csproj]
C:\GitRepo\h-kerimsahin\NetCoreTemplate\Presentation\NetCoreTemplate.Api\Endpoints\AuthEndpoints.cs(71,43): error CS1061: 'IAppUserRepository' bir 'GetById' tanımı içermiyor ve 'IAppUserRepository' türünde bir ilk bağımsız değişken kabul eden hiçbir erişilebilir 'GetById' genişletme yöntemi bulunamadı (bir kullanma yönergeniz veya derleme başvurunuz eksik olabilir mi?) [C:\GitRepo\h-kerimsahin\NetCoreTemplate\Presentation\NetCoreTemplate.Api\NetCoreTemplate.Api.csproj]
C:\GitRepo\h-kerimsahin\NetCoreTemplate\Presentation\NetCoreTemplate.Api\Endpoints\AuthEndpoints.cs(86,42): error CS1061: 'IAppUserRepository' bir 'GetById' tanımı içermiyor ve 'IAppUserRepository' türünde bir ilk bağımsız değişken kabul eden hiçbir erişilebilir 'GetById' genişletme yöntemi bulunamadı (bir kullanma yönergeniz veya derleme başvurunuz eksik olabilir mi?) [C:\GitRepo\h-kerimsahin\NetCoreTemplate\Presentation\NetCoreTemplate.Api\NetCoreTemplate.Api.csproj]
C:\GitRepo\h-kerimsahin\NetCoreTemplate\Presentation\NetCoreTemplate.Api\Endpoints\AuthEndpoints.cs(93,69): error CS1061: 'AppUserRefreshToken' bir 'UserId' tanımı içermiyor ve 'AppUserRefreshToken' türünde bir ilk bağımsız değişken kabul eden hiçbir erişilebilir 'UserId' genişletme yöntemi bulunamadı (bir kullanma yönergeniz veya derleme başvurunuz eksik olabilir mi?) [C:\GitRepo\h-kerimsahin\NetCoreTemplate\Presentation\NetCoreTemplate.Api\NetCoreTemplate.Api.csproj]
C:\GitRepo\h-kerimsahin\NetCoreTemplate\Presentation\NetCoreTemplate.Api\Endpoints\AuthEndpoints.cs(94,38): error CS1061: 'IAppUserRefreshTokenRepository' bir 'DeleteRange' tanımı içermiyor ve 'IAppUserRefreshTokenRepository' türünde bir ilk bağımsız değişken kabul eden hiçbir erişilebilir 'DeleteRange' genişletme yöntemi bulunamadı (bir kullanma yönergeniz veya derleme başvurunuz eksik olabilir mi?) [C:\GitRepo\h-kerimsahin\NetCoreTemplate\Presentation\NetCoreTemplate.Api\NetCoreTemplate.Api.csproj]
C:\GitRepo\h-kerimsahin\NetCoreTemplate\Presentation\NetCoreTemplate.Api\Endpoints\UserManagementEndpoints.cs(27,43): error CS1061: 'IAppUserRepository' bir 'GetById' tanımı içermiyor ve 'IAppUserRepository' türünde bir ilk bağımsız değişken kabul eden hiçbir erişilebilir 'GetById' genişletme yöntemi bulunamadı (bir kullanma yönergeniz veya derleme başvurunuz eksik olabilir mi?) [C:\GitRepo\h-kerimsahin\NetCoreTemplate\Presentation\NetCoreTemplate.Api\NetCoreTemplate.Api.csproj]
C:\GitRepo\h-kerimsahin\NetCoreTemplate\Presentation\NetCoreTemplate.Api\Endpoints\UserManagementEndpoints.cs(34,30): error CS1061: 'IAppUserRoleRepository' bir 'DeleteRange' tanımı içermiyor ve 'IAppUserRoleRepository' türünde bir ilk bağımsız değişken kabul eden hiçbir erişilebilir 'DeleteRange' genişletme yöntemi bulunamadı (bir kullanma yönergeniz veya derleme başvurunuz eksik olabilir mi?) [C:\GitRepo\h-kerimsahin\NetCoreTemplate\Presentation\NetCoreTemplate.Api\NetCoreTemplate.Api.csproj]
C:\GitRepo\h-kerimsahin\NetCoreTemplate\Presentation\NetCoreTemplate.Api\Endpoints\UserManagementEndpoints.cs(37,17): error CS1929: 'IAppUserRoleRepository' bir 'Add' tanımı içermiyor ve en iyi genişletme yöntemi yeniden yüklemesi olan 'ApplicationModelConventionExtensions.Add(IList<IApplicationModelConvention>, IControllerModelConvention)', 'System.Collections.Generic.IList<Microsoft.AspNetCore.Mvc.ApplicationModels.IApplicationModelConvention>' türünün bir alıcısını gerektiriyor [C:\GitRepo\h-kerimsahin\NetCoreTemplate\Presentation\NetCoreTemplate.Api\NetCoreTemplate.Api.csproj]
C:\GitRepo\h-kerimsahin\NetCoreTemplate\Presentation\NetCoreTemplate.Api\Endpoints\UserManagementEndpoints.cs(48,30): error CS1061: 'IAppUserRoleRepository' bir 'DeleteRange' tanımı içermiyor ve 'IAppUserRoleRepository' türünde bir ilk bağımsız değişken kabul eden hiçbir erişilebilir 'DeleteRange' genişletme yöntemi bulunamadı (bir kullanma yönergeniz veya derleme başvurunuz eksik olabilir mi?) [C:\GitRepo\h-kerimsahin\NetCoreTemplate\Presentation\NetCoreTemplate.Api\NetCoreTemplate.Api.csproj]
C:\GitRepo\h-kerimsahin\NetCoreTemplate\Presentation\NetCoreTemplate.Api\Endpoints\UserManagementEndpoints.cs(49,43): error CS1061: 'IAppUserRepository' bir 'GetById' tanımı içermiyor ve 'IAppUserRepository' türünde bir ilk bağımsız değişken kabul eden hiçbir erişilebilir 'GetById' genişletme yöntemi bulunamadı (bir kullanma yönergeniz veya derleme başvurunuz eksik olabilir mi?) [C:\GitRepo\h-kerimsahin\NetCoreTemplate\Presentation\NetCoreTemplate.Api\NetCoreTemplate.Api.csproj]
C:\GitRepo\h-kerimsahin\NetCoreTemplate\Presentation\NetCoreTemplate.Api\Endpoints\UserManagementEndpoints.cs(58,43): error CS1061: 'IAppUserRepository' bir 'GetById' tanımı içermiyor ve 'IAppUserRepository' türünde bir ilk bağımsız değişken kabul eden hiçbir erişilebilir 'GetById' genişletme yöntemi bulunamadı (bir kullanma yönergeniz veya derleme başvurunuz eksik olabilir mi?) [C:\GitRepo\h-kerimsahin\NetCoreTemplate\Presentation\NetCoreTemplate.Api\NetCoreTemplate.Api.csproj]
C:\GitRepo\h-kerimsahin\NetCoreTemplate\Presentation\NetCoreTemplate.Api\Endpoints\UserManagementEndpoints.cs(65,69): error CS1061: 'AppUserRefreshToken' bir 'UserId' tanımı içermiyor ve 'AppUserRefreshToken' türünde bir ilk bağımsız değişken kabul eden hiçbir erişilebilir 'UserId' genişletme yöntemi bulunamadı (bir kullanma yönergeniz veya derleme başvurunuz eksik olabilir mi?) [C:\GitRepo\h-kerimsahin\NetCoreTemplate\Presentation\NetCoreTemplate.Api\NetCoreTemplate.Api.csproj]
C:\GitRepo\h-kerimsahin\NetCoreTemplate\Presentation\NetCoreTemplate.Api\Endpoints\UserManagementEndpoints.cs(66,38): error CS1061: 'IAppUserRefreshTokenRepository' bir 'DeleteRange' tanımı içermiyor ve 'IAppUserRefreshTokenRepository' türünde bir ilk bağımsız değişken kabul eden hiçbir erişilebilir 'DeleteRange' genişletme yöntemi bulunamadı (bir kullanma yönergeniz veya derleme başvurunuz eksik olabilir mi?) [C:\GitRepo\h-kerimsahin\NetCoreTemplate\Presentation\NetCoreTemplate.Api\NetCoreTemplate.Api.csproj]
C:\GitRepo\h-kerimsahin\NetCoreTemplate\Presentation\NetCoreTemplate.Api\Endpoints\UserManagementEndpoints.cs(74,43): error CS1061: 'IAppUserRepository' bir 'GetById' tanımı içermiyor ve 'IAppUserRepository' türünde bir ilk bağımsız değişken kabul eden hiçbir erişilebilir 'GetById' genişletme yöntemi bulunamadı (bir kullanma yönergeniz veya derleme başvurunuz eksik olabilir mi?) [C:\GitRepo\h-kerimsahin\NetCoreTemplate\Presentation\NetCoreTemplate.Api\NetCoreTemplate.Api.csproj]
    15 Uyarı
    48 Hata

Geçen Süre 00:00:05.77
